// Jest Snapshot v1, https://goo.gl/fbAQLP

exports[`test should InvitationList match snapshot 1`] = `
<div>
  <div />
</div>
`;
