// Jest Snapshot v1, https://goo.gl/fbAQLP

exports[`test should LinkButton match snapshot 1`] = `
<a
  href="test"
  onClick={[Function]}
>
  <button
    className="link-button"
    type="button"
  >
    123
  </button>
</a>
`;
